 xPlayChannel

 Timestamp is 47e3e02a (Sat Mar 22 00:19:54 2008)

 Preferred load address is 10000000

 Start         Length     Name                   Class
 0001:00000000 00000378H .text                   CODE
 0001:00000380 00000000H .text$x                 CODE
 0002:00000000 0000003cH .idata$5                DATA
 0002:00000040 00000010H .rdata                  DATA
 0002:00000050 0000008cH .rdata$r                DATA
 0002:000000e0 00000038H .xdata$x                DATA
 0002:00000118 00000050H .idata$2                DATA
 0002:00000168 00000014H .idata$3                DATA
 0002:0000017c 0000003cH .idata$4                DATA
 0002:000001b8 000000d4H .idata$6                DATA
 0002:0000028c 00000000H .edata                  DATA
 0003:00000000 00000004H .CRT$XCA                DATA
 0003:00000004 00000004H .CRT$XCU                DATA
 0003:00000008 00000004H .CRT$XCZ                DATA
 0003:0000000c 00000004H .CRT$XIA                DATA
 0003:00000010 00000004H .CRT$XIZ                DATA
 0003:00000020 00000038H .data                   DATA
 0003:00000058 00000030H .bss                    DATA
 0004:00000000 00000058H .rsrc$01                DATA
 0004:00000060 00000320H .rsrc$02                DATA

  Address         Publics by Value              Rva+Base     Lib:Object

 0001:00000000       _DllMain@12                10001000 f   dllmain.obj
 0001:00000010       ??3@YAXPAX@Z               10001010 f   mfc42:MFC42.DLL
 0001:00000020       __CRT_INIT@12              10001020 f   msvcrt:crtdll.obj
 0001:000000cb       __DllMainCRTStartup@12     100010cb f   msvcrt:crtdll.obj
 0001:00000168       __initterm                 10001168 f   msvcrt:MSVCRT.dll
 0001:0000016e       __onexit                   1000116e f   msvcrt:atonexit.obj
 0001:0000019a       _atexit                    1000119a f   msvcrt:atonexit.obj
 0001:000001ac       ___dllonexit               100011ac f   msvcrt:MSVCRT.dll
 0001:000001f0       ??0_variant_t@@QAE@JG@Z    100011f0 f i comsupp:comutil.obj
 0001:0000024c       ?_com_issue_error@@YGXJ@Z  1000124c f   comsupp:comsupp.obj
 0001:0000025a       ?_com_raise_error@@YGXJPAUIErrorInfo@@@Z 1000125a f   comsupp:comraise.obj
 0001:0000027e       ??0_com_error@@QAE@JPAUIErrorInfo@@_N@Z 1000127e f i comsupp:comraise.obj
 0001:000002b0       ??_E_com_error@@UAEPAXI@Z  100012b0 f i comsupp:comraise.obj
 0001:000002b0       ??_G_com_error@@UAEPAXI@Z  100012b0 f i comsupp:comraise.obj
 0001:000002cc       ??0_com_error@@QAE@ABV0@@Z 100012cc f i comsupp:comraise.obj
 0001:000002f9       ??1_com_error@@UAE@XZ      100012f9 f i comsupp:comraise.obj
 0001:00000320       __alloca_probe             10001320 f   msvcrt:chkstk.obj
 0001:00000320       __chkstk                   10001320 f   msvcrt:chkstk.obj
 0001:0000034f       ??_Gtype_info@@UAEPAXI@Z   1000134f f i msvcrt:ti_inst.obj
 0001:0000034f       ??_Etype_info@@UAEPAXI@Z   1000134f f i msvcrt:ti_inst.obj
 0001:0000036c       __CxxThrowException@8      1000136c f   msvcrt:MSVCRT.dll
 0001:00000372       ??1type_info@@UAE@XZ       10001372 f   msvcrt:MSVCRT.dll
 0002:00000000       __imp__LocalFree@4         10002000     kernel32:KERNEL32.dll
 0002:00000004       \177KERNEL32_NULL_THUNK_DATA 10002004     kernel32:KERNEL32.dll
 0002:00000008       __imp_??3@YAXPAX@Z         10002008     mfc42:MFC42.DLL
 0002:0000000c       \177MFC42_NULL_THUNK_DATA  1000200c     mfc42:MFC42.DLL
 0002:00000010       __imp__free                10002010     msvcrt:MSVCRT.dll
 0002:00000014       __imp___initterm           10002014     msvcrt:MSVCRT.dll
 0002:00000018       __imp__malloc              10002018     msvcrt:MSVCRT.dll
 0002:0000001c       __imp___adjust_fdiv        1000201c     msvcrt:MSVCRT.dll
 0002:00000020       __imp____dllonexit         10002020     msvcrt:MSVCRT.dll
 0002:00000024       __imp___onexit             10002024     msvcrt:MSVCRT.dll
 0002:00000028       __imp_??1type_info@@UAE@XZ 10002028     msvcrt:MSVCRT.dll
 0002:0000002c       __imp___CxxThrowException@8 1000202c     msvcrt:MSVCRT.dll
 0002:00000030       \177MSVCRT_NULL_THUNK_DATA 10002030     msvcrt:MSVCRT.dll
 0002:00000034       __imp__VariantClear@4      10002034     oleaut32:OLEAUT32.dll
 0002:00000038       \177OLEAUT32_NULL_THUNK_DATA 10002038     oleaut32:OLEAUT32.dll
 0002:00000044       ??_7_com_error@@6B@        10002044     comsupp:comraise.obj
 0002:0000004c       ??_7type_info@@6B@         1000204c     msvcrt:ti_inst.obj
 0002:00000050       ??_R1A@?0A@A@_com_error@@8 10002050     comsupp:comraise.obj
 0002:00000068       ??_R2_com_error@@8         10002068     comsupp:comraise.obj
 0002:00000070       ??_R3_com_error@@8         10002070     comsupp:comraise.obj
 0002:00000080       ??_R4_com_error@@6B@       10002080     comsupp:comraise.obj
 0002:00000098       ??_R1A@?0A@A@type_info@@8  10002098     msvcrt:ti_inst.obj
 0002:000000b0       ??_R2type_info@@8          100020b0     msvcrt:ti_inst.obj
 0002:000000b8       ??_R3type_info@@8          100020b8     msvcrt:ti_inst.obj
 0002:000000c8       ??_R4type_info@@6B@        100020c8     msvcrt:ti_inst.obj
 0002:000000e0       __CT??_R0?AV_com_error@@@8??0_com_error@@QAE@ABV0@@Z16 100020e0     comsupp:comraise.obj
 0002:00000100       __CTA1?AV_com_error@@      10002100     comsupp:comraise.obj
 0002:00000108       __TI1?AV_com_error@@       10002108     comsupp:comraise.obj
 0002:00000118       __IMPORT_DESCRIPTOR_MFC42  10002118     mfc42:MFC42.DLL
 0002:0000012c       __IMPORT_DESCRIPTOR_MSVCRT 1000212c     msvcrt:MSVCRT.dll
 0002:00000140       __IMPORT_DESCRIPTOR_KERNEL32 10002140     kernel32:KERNEL32.dll
 0002:00000154       __IMPORT_DESCRIPTOR_OLEAUT32 10002154     oleaut32:OLEAUT32.dll
 0002:00000168       __NULL_IMPORT_DESCRIPTOR   10002168     SHP_A3:SHP_A3.dll
 0003:00000000       ___xc_a                    10003000     msvcrt:cinitexe.obj
 0003:00000008       ___xc_z                    10003008     msvcrt:cinitexe.obj
 0003:0000000c       ___xi_a                    1000300c     msvcrt:cinitexe.obj
 0003:00000010       ___xi_z                    10003010     msvcrt:cinitexe.obj
 0003:00000020       ??_R0?AV_com_error@@@8     10003020     comsupp:comraise.obj
 0003:00000040       ??_R0?AVtype_info@@@8      10003040     msvcrt:ti_inst.obj
 0003:00000058       __afxForceEXCLUDE          10003058     mfcs42:nolib.obj
 0003:0000005c       __afxForceSTDAFX           1000305c     mfcs42:stdafx.obj
 0003:00000068       ?vtMissing@@3V_variant_t@@A 10003068     comsupp:comutil.obj
 0003:00000078       __adjust_fdiv              10003078     <common>
 0003:0000007c       ___onexitend               1000307c     <common>
 0003:00000080       ___onexitbegin             10003080     <common>
 0003:00000084       __pRawDllMain              10003084     <common>

 entry point at        0001:000000cb

 Static symbols

 0001:000001b2       _$E4                       100011b2 f   comsupp:comutil.obj
 0001:000001bc       _$E1                       100011bc f   comsupp:comutil.obj
 0001:000001ce       _$E3                       100011ce f   comsupp:comutil.obj
 0001:000001da       _$E2                       100011da f   comsupp:comutil.obj
